10-30 16:03:56.783 20535 20561 I TestRunner: started: subtotal_updates_in_full_order_flow(com.example.lunchtray.OrderFunctionalityTests)
10-30 16:03:56.783 20535 20535 D LifecycleMonitor: Lifecycle status change: com.example.lunchtray.MainActivity@a951e10 in: DESTROYED
10-30 16:03:56.784 20535 20535 V ActivityScenario: Activity lifecycle changed event received but ignored because the intent does not match. startActivityIntent=Intent { act=android.intent.action.MAIN cat=[android.intent.category.LAUNCHER] cmp=com.example.lunchtray/androidx.fragment.app.testing.FragmentScenario$EmptyFragmentActivity (has extras) }, activity.getIntent()=Intent { act=android.intent.action.MAIN cat=[android.intent.category.LAUNCHER] cmp=com.example.lunchtray/.MainActivity }, activity=com.example.lunchtray.MainActivity@a951e10
10-30 16:03:56.784 20535 20535 V ActivityScenario: Update currentActivityStage to DESTROYED, currentActivity=null
10-30 16:03:56.788   586  2100 W InputManager-JNI: Input channel object '9c96745 com.example.lunchtray/com.example.lunchtray.MainActivity (client)' was disposed without first being removed with the input manager!
10-30 16:03:56.814 20535 20561 W Settings: Setting always_finish_activities has moved from android.provider.Settings.System to android.provider.Settings.Global, returning read-only value.
10-30 16:03:56.843   817   913 D SplashScreenView: Build android.window.SplashScreenView{9a1c24e V.E...... ......ID 0,0-0,0}
10-30 16:03:56.843   817   913 D SplashScreenView: Icon: view: null drawable: null size: 0
10-30 16:03:56.843   817   913 D SplashScreenView: Branding: view: android.view.View{967af6f G.ED..... ......I. 0,0-0,0 #10204a6 android:id/splashscreen_branding_view} drawable: null size w: 0 h: 0
10-30 16:03:56.882 20535 20535 D LifecycleMonitor: Lifecycle status change: androidx.test.core.app.InstrumentationActivityInvoker$BootstrapActivity@1b2ea81 in: PRE_ON_CREATE
10-30 16:03:56.883 20535 20535 V ActivityScenario: Activity lifecycle changed event received but ignored because the intent does not match. startActivityIntent=Intent { act=android.intent.action.MAIN cat=[android.intent.category.LAUNCHER] cmp=com.example.lunchtray/androidx.fragment.app.testing.FragmentScenario$EmptyFragmentActivity (has extras) }, activity.getIntent()=Intent { act=android.intent.action.MAIN cat=[android.intent.category.LAUNCHER] flg=0x10008000 cmp=com.example.lunchtray/androidx.test.core.app.InstrumentationActivityInvoker$BootstrapActivity (has extras) }, activity=androidx.test.core.app.InstrumentationActivityInvoker$BootstrapActivity@1b2ea81
10-30 16:03:56.883   352   452 D goldfish-address-space: claimShared: Ask to claim region [0x3ec62c000 0x3ecfd0000]
10-30 16:03:56.883 20535 20535 V ActivityScenario: Activity lifecycle changed event received but ignored because the intent does not match. startActivityIntent=Intent { act=android.intent.action.MAIN cat=[android.intent.category.LAUNCHER] cmp=com.example.lunchtray/.MainActivity }, activity.getIntent()=Intent { act=android.intent.action.MAIN cat=[android.intent.category.LAUNCHER] flg=0x10008000 cmp=com.example.lunchtray/androidx.test.core.app.InstrumentationActivityInvoker$BootstrapActivity (has extras) }, activity=androidx.test.core.app.InstrumentationActivityInvoker$BootstrapActivity@1b2ea81
10-30 16:03:56.884 20535 20535 V ActivityScenario: Activity lifecycle changed event received but ignored because the intent does not match. startActivityIntent=Intent { act=android.intent.action.MAIN cat=[android.intent.category.LAUNCHER] cmp=com.example.lunchtray/.MainActivity }, activity.getIntent()=Intent { act=android.intent.action.MAIN cat=[android.intent.category.LAUNCHER] flg=0x10008000 cmp=com.example.lunchtray/androidx.test.core.app.InstrumentationActivityInvoker$BootstrapActivity (has extras) }, activity=androidx.test.core.app.InstrumentationActivityInvoker$BootstrapActivity@1b2ea81
10-30 16:03:56.889   352   452 D goldfish-address-space: claimShared: Ask to claim region [0x3ee318000 0x3eecbc000]
10-30 16:03:56.899   352   452 D goldfish-address-space: claimShared: Ask to claim region [0x3eecbc000 0x3ef660000]
10-30 16:03:56.900 20535 20535 D LifecycleMonitor: Lifecycle status change: androidx.test.core.app.InstrumentationActivityInvoker$BootstrapActivity@1b2ea81 in: CREATED
10-30 16:03:56.901 20535 20535 V ActivityScenario: Activity lifecycle changed event received but ignored because the intent does not match. startActivityIntent=Intent { act=android.intent.action.MAIN cat=[android.intent.category.LAUNCHER] cmp=com.example.lunchtray/androidx.fragment.app.testing.FragmentScenario$EmptyFragmentActivity (has extras) }, activity.getIntent()=Intent { act=android.intent.action.MAIN cat=[android.intent.category.LAUNCHER] flg=0x10008000 cmp=com.example.lunchtray/androidx.test.core.app.InstrumentationActivityInvoker$BootstrapActivity (has extras) }, activity=androidx.test.core.app.InstrumentationActivityInvoker$BootstrapActivity@1b2ea81
10-30 16:03:56.905 20535 20535 V ActivityScenario: Activity lifecycle changed event received but ignored because the intent does not match. startActivityIntent=Intent { act=android.intent.action.MAIN cat=[android.intent.category.LAUNCHER] cmp=com.example.lunchtray/.MainActivity }, activity.getIntent()=Intent { act=android.intent.action.MAIN cat=[android.intent.category.LAUNCHER] flg=0x10008000 cmp=com.example.lunchtray/androidx.test.core.app.InstrumentationActivityInvoker$BootstrapActivity (has extras) }, activity=androidx.test.core.app.InstrumentationActivityInvoker$BootstrapActivity@1b2ea81
10-30 16:03:56.906 20535 20535 V ActivityScenario: Activity lifecycle changed event received but ignored because the intent does not match. startActivityIntent=Intent { act=android.intent.action.MAIN cat=[android.intent.category.LAUNCHER] cmp=com.example.lunchtray/.MainActivity }, activity.getIntent()=Intent { act=android.intent.action.MAIN cat=[android.intent.category.LAUNCHER] flg=0x10008000 cmp=com.example.lunchtray/androidx.test.core.app.InstrumentationActivityInvoker$BootstrapActivity (has extras) }, activity=androidx.test.core.app.InstrumentationActivityInvoker$BootstrapActivity@1b2ea81
10-30 16:03:56.926 20535 20535 D LifecycleMonitor: Lifecycle status change: androidx.test.core.app.InstrumentationActivityInvoker$BootstrapActivity@1b2ea81 in: STARTED
10-30 16:03:56.928 20535 20535 V ActivityScenario: Activity lifecycle changed event received but ignored because the intent does not match. startActivityIntent=Intent { act=android.intent.action.MAIN cat=[android.intent.category.LAUNCHER] cmp=com.example.lunchtray/androidx.fragment.app.testing.FragmentScenario$EmptyFragmentActivity (has extras) }, activity.getIntent()=Intent { act=android.intent.action.MAIN cat=[android.intent.category.LAUNCHER] flg=0x10008000 cmp=com.example.lunchtray/androidx.test.core.app.InstrumentationActivityInvoker$BootstrapActivity (has extras) }, activity=androidx.test.core.app.InstrumentationActivityInvoker$BootstrapActivity@1b2ea81
10-30 16:03:56.930 20535 20535 V ActivityScenario: Activity lifecycle changed event received but ignored because the intent does not match. startActivityIntent=Intent { act=android.intent.action.MAIN cat=[android.intent.category.LAUNCHER] cmp=com.example.lunchtray/.MainActivity }, activity.getIntent()=Intent { act=android.intent.action.MAIN cat=[android.intent.category.LAUNCHER] flg=0x10008000 cmp=com.example.lunchtray/androidx.test.core.app.InstrumentationActivityInvoker$BootstrapActivity (has extras) }, activity=androidx.test.core.app.InstrumentationActivityInvoker$BootstrapActivity@1b2ea81
10-30 16:03:56.930 20535 20535 V ActivityScenario: Activity lifecycle changed event received but ignored because the intent does not match. startActivityIntent=Intent { act=android.intent.action.MAIN cat=[android.intent.category.LAUNCHER] cmp=com.example.lunchtray/.MainActivity }, activity.getIntent()=Intent { act=android.intent.action.MAIN cat=[android.intent.category.LAUNCHER] flg=0x10008000 cmp=com.example.lunchtray/androidx.test.core.app.InstrumentationActivityInvoker$BootstrapActivity (has extras) }, activity=androidx.test.core.app.InstrumentationActivityInvoker$BootstrapActivity@1b2ea81
10-30 16:03:56.950 20535 20535 D LifecycleMonitor: Lifecycle status change: androidx.test.core.app.InstrumentationActivityInvoker$BootstrapActivity@1b2ea81 in: RESUMED
10-30 16:03:56.952  1535  1535 I GsaVoiceInteractionSrv: Handling ACTION_STOP_HOTWORD
10-30 16:03:56.953  1535  1535 E HwDetectorWithState: a: 3
10-30 16:03:56.954 20535 20535 V ActivityScenario: Activity lifecycle changed event received but ignored because the intent does not match. startActivityIntent=Intent { act=android.intent.action.MAIN cat=[android.intent.category.LAUNCHER] cmp=com.example.lunchtray/androidx.fragment.app.testing.FragmentScenario$EmptyFragmentActivity (has extras) }, activity.getIntent()=Intent { act=android.intent.action.MAIN cat=[android.intent.category.LAUNCHER] flg=0x10008000 cmp=com.example.lunchtray/androidx.test.core.app.InstrumentationActivityInvoker$BootstrapActivity (has extras) }, activity=androidx.test.core.app.InstrumentationActivityInvoker$BootstrapActivity@1b2ea81
10-30 16:03:56.955 20535 20535 V ActivityScenario: Activity lifecycle changed event received but ignored because the intent does not match. startActivityIntent=Intent { act=android.intent.action.MAIN cat=[android.intent.category.LAUNCHER] cmp=com.example.lunchtray/.MainActivity }, activity.getIntent()=Intent { act=android.intent.action.MAIN cat=[android.intent.category.LAUNCHER] flg=0x10008000 cmp=com.example.lunchtray/androidx.test.core.app.InstrumentationActivityInvoker$BootstrapActivity (has extras) }, activity=androidx.test.core.app.InstrumentationActivityInvoker$BootstrapActivity@1b2ea81
10-30 16:03:56.956 20535 20535 V ActivityScenario: Activity lifecycle changed event received but ignored because the intent does not match. startActivityIntent=Intent { act=android.intent.action.MAIN cat=[android.intent.category.LAUNCHER] cmp=com.example.lunchtray/.MainActivity }, activity.getIntent()=Intent { act=android.intent.action.MAIN cat=[android.intent.category.LAUNCHER] flg=0x10008000 cmp=com.example.lunchtray/androidx.test.core.app.InstrumentationActivityInvoker$BootstrapActivity (has extras) }, activity=androidx.test.core.app.InstrumentationActivityInvoker$BootstrapActivity@1b2ea81
10-30 16:03:56.968 20535 20535 D LifecycleMonitor: Lifecycle status change: androidx.test.core.app.InstrumentationActivityInvoker$BootstrapActivity@1b2ea81 in: PAUSED
10-30 16:03:56.969 20535 20535 V ActivityScenario: Activity lifecycle changed event received but ignored because the intent does not match. startActivityIntent=Intent { act=android.intent.action.MAIN cat=[android.intent.category.LAUNCHER] cmp=com.example.lunchtray/androidx.fragment.app.testing.FragmentScenario$EmptyFragmentActivity (has extras) }, activity.getIntent()=Intent { act=android.intent.action.MAIN cat=[android.intent.category.LAUNCHER] flg=0x10008000 cmp=com.example.lunchtray/androidx.test.core.app.InstrumentationActivityInvoker$BootstrapActivity (has extras) }, activity=androidx.test.core.app.InstrumentationActivityInvoker$BootstrapActivity@1b2ea81
10-30 16:03:56.971 20535 20535 V ActivityScenario: Activity lifecycle changed event received but ignored because the intent does not match. startActivityIntent=Intent { act=android.intent.action.MAIN cat=[android.intent.category.LAUNCHER] cmp=com.example.lunchtray/.MainActivity }, activity.getIntent()=Intent { act=android.intent.action.MAIN cat=[android.intent.category.LAUNCHER] flg=0x10008000 cmp=com.example.lunchtray/androidx.test.core.app.InstrumentationActivityInvoker$BootstrapActivity (has extras) }, activity=androidx.test.core.app.InstrumentationActivityInvoker$BootstrapActivity@1b2ea81
10-30 16:03:56.974 20535 20535 V ActivityScenario: Activity lifecycle changed event received but ignored because the intent does not match. startActivityIntent=Intent { act=android.intent.action.MAIN cat=[android.intent.category.LAUNCHER] cmp=com.example.lunchtray/.MainActivity }, activity.getIntent()=Intent { act=android.intent.action.MAIN cat=[android.intent.category.LAUNCHER] flg=0x10008000 cmp=com.example.lunchtray/androidx.test.core.app.InstrumentationActivityInvoker$BootstrapActivity (has extras) }, activity=androidx.test.core.app.InstrumentationActivityInvoker$BootstrapActivity@1b2ea81
10-30 16:03:57.004 20535 20535 D LifecycleMonitor: Lifecycle status change: com.example.lunchtray.MainActivity@75d930a in: PRE_ON_CREATE
10-30 16:03:57.006 20535 20535 V ActivityScenario: Activity lifecycle changed event received but ignored because the intent does not match. startActivityIntent=Intent { act=android.intent.action.MAIN cat=[android.intent.category.LAUNCHER] cmp=com.example.lunchtray/androidx.fragment.app.testing.FragmentScenario$EmptyFragmentActivity (has extras) }, activity.getIntent()=Intent { act=android.intent.action.MAIN cat=[android.intent.category.LAUNCHER] cmp=com.example.lunchtray/.MainActivity }, activity=com.example.lunchtray.MainActivity@75d930a
10-30 16:03:57.007 20535 20535 V ActivityScenario: Activity lifecycle changed event received but ignored because the reported transition was not ON_CREATE while the last known transition was DESTROYED
10-30 16:03:57.007 20535 20535 V ActivityScenario: Activity lifecycle changed event received but ignored because the reported transition was not ON_CREATE while the last known transition was PRE_ON_CREATE
10-30 16:03:57.098 20535 20535 D LifecycleMonitor: Lifecycle status change: com.example.lunchtray.MainActivity@75d930a in: CREATED
10-30 16:03:57.099 20535 20535 V ActivityScenario: Activity lifecycle changed event received but ignored because the intent does not match. startActivityIntent=Intent { act=android.intent.action.MAIN cat=[android.intent.category.LAUNCHER] cmp=com.example.lunchtray/androidx.fragment.app.testing.FragmentScenario$EmptyFragmentActivity (has extras) }, activity.getIntent()=Intent { act=android.intent.action.MAIN cat=[android.intent.category.LAUNCHER] cmp=com.example.lunchtray/.MainActivity }, activity=com.example.lunchtray.MainActivity@75d930a
10-30 16:03:57.099 20535 20535 V ActivityScenario: Update currentActivityStage to CREATED, currentActivity=com.example.lunchtray.MainActivity@75d930a
10-30 16:03:57.100 20535 20535 V ActivityScenario: Update currentActivityStage to CREATED, currentActivity=com.example.lunchtray.MainActivity@75d930a
10-30 16:03:57.124 20535 20535 D LifecycleMonitor: Lifecycle status change: com.example.lunchtray.MainActivity@75d930a in: STARTED
10-30 16:03:57.124 20535 20535 V ActivityScenario: Activity lifecycle changed event received but ignored because the intent does not match. startActivityIntent=Intent { act=android.intent.action.MAIN cat=[android.intent.category.LAUNCHER] cmp=com.example.lunchtray/androidx.fragment.app.testing.FragmentScenario$EmptyFragmentActivity (has extras) }, activity.getIntent()=Intent { act=android.intent.action.MAIN cat=[android.intent.category.LAUNCHER] cmp=com.example.lunchtray/.MainActivity }, activity=com.example.lunchtray.MainActivity@75d930a
10-30 16:03:57.125 20535 20535 V ActivityScenario: Update currentActivityStage to STARTED, currentActivity=com.example.lunchtray.MainActivity@75d930a
10-30 16:03:57.126 20535 20535 V ActivityScenario: Update currentActivityStage to STARTED, currentActivity=com.example.lunchtray.MainActivity@75d930a
10-30 16:03:57.128 20535 20535 D LifecycleMonitor: Lifecycle status change: com.example.lunchtray.MainActivity@75d930a in: RESUMED
10-30 16:03:57.128 20535 20535 V ActivityScenario: Activity lifecycle changed event received but ignored because the intent does not match. startActivityIntent=Intent { act=android.intent.action.MAIN cat=[android.intent.category.LAUNCHER] cmp=com.example.lunchtray/androidx.fragment.app.testing.FragmentScenario$EmptyFragmentActivity (has extras) }, activity.getIntent()=Intent { act=android.intent.action.MAIN cat=[android.intent.category.LAUNCHER] cmp=com.example.lunchtray/.MainActivity }, activity=com.example.lunchtray.MainActivity@75d930a
10-30 16:03:57.129 20535 20535 V ActivityScenario: Update currentActivityStage to RESUMED, currentActivity=com.example.lunchtray.MainActivity@75d930a
10-30 16:03:57.129 20535 20535 V ActivityScenario: Update currentActivityStage to RESUMED, currentActivity=com.example.lunchtray.MainActivity@75d930a
10-30 16:03:57.179   352   452 D goldfish-address-space: claimShared: Ask to claim region [0x3f2690000 0x3f3034000]
10-30 16:03:57.192   352   452 D goldfish-address-space: claimShared: Ask to claim region [0x3f3034000 0x3f39d8000]
10-30 16:03:57.202   352   452 D goldfish-address-space: claimShared: Ask to claim region [0x3f5d03000 0x3f66a7000]
10-30 16:03:57.220   586   611 I ActivityTaskManager: Displayed com.example.lunchtray/.MainActivity: +389ms
10-30 16:03:57.266  9797  9797 I A       : onApplyWindowInsets: systemWindowInsets=Insets{left=0, top=145, right=0, bottom=132}
10-30 16:03:57.267  9797  9797 I A       : onApplyWindowInsets: Adjusting for display cutouts. Safe insets: left=0, top=136, right=0, bottom=0
10-30 16:03:57.268  9797  9797 I A       : onApplyWindowInsets: systemWindowInsets=Insets{left=0, top=145, right=0, bottom=132}
10-30 16:03:57.292  1391  1391 I GoogleInputMethodService: GoogleInputMethodService.onFinishInput():3420
10-30 16:03:57.293  1391  1391 I GoogleInputMethodService: GoogleInputMethodService.onStartInput():2002
10-30 16:03:57.296  1391  1391 I DeviceUnlockedTag: DeviceUnlockedTag.notifyDeviceLockStatusChanged():31 Notify device unlocked.
10-30 16:03:57.343 20535 20535 D LifecycleMonitor: Lifecycle status change: androidx.test.core.app.InstrumentationActivityInvoker$BootstrapActivity@1b2ea81 in: STOPPED
10-30 16:03:57.346 20535 20535 V ActivityScenario: Activity lifecycle changed event received but ignored because the intent does not match. startActivityIntent=Intent { act=android.intent.action.MAIN cat=[android.intent.category.LAUNCHER] cmp=com.example.lunchtray/androidx.fragment.app.testing.FragmentScenario$EmptyFragmentActivity (has extras) }, activity.getIntent()=Intent { act=android.intent.action.MAIN cat=[android.intent.category.LAUNCHER] flg=0x10008000 cmp=com.example.lunchtray/androidx.test.core.app.InstrumentationActivityInvoker$BootstrapActivity (has extras) }, activity=androidx.test.core.app.InstrumentationActivityInvoker$BootstrapActivity@1b2ea81
10-30 16:03:57.347 20535 20535 V ActivityScenario: Activity lifecycle changed event received but ignored because the intent does not match. startActivityIntent=Intent { act=android.intent.action.MAIN cat=[android.intent.category.LAUNCHER] cmp=com.example.lunchtray/.MainActivity }, activity.getIntent()=Intent { act=android.intent.action.MAIN cat=[android.intent.category.LAUNCHER] flg=0x10008000 cmp=com.example.lunchtray/androidx.test.core.app.InstrumentationActivityInvoker$BootstrapActivity (has extras) }, activity=androidx.test.core.app.InstrumentationActivityInvoker$BootstrapActivity@1b2ea81
10-30 16:03:57.348 20535 20535 V ActivityScenario: Activity lifecycle changed event received but ignored because the intent does not match. startActivityIntent=Intent { act=android.intent.action.MAIN cat=[android.intent.category.LAUNCHER] cmp=com.example.lunchtray/.MainActivity }, activity.getIntent()=Intent { act=android.intent.action.MAIN cat=[android.intent.category.LAUNCHER] flg=0x10008000 cmp=com.example.lunchtray/androidx.test.core.app.InstrumentationActivityInvoker$BootstrapActivity (has extras) }, activity=androidx.test.core.app.InstrumentationActivityInvoker$BootstrapActivity@1b2ea81
10-30 16:03:57.359 20535 20535 I ViewInteraction: Performing 'single click' action on view view.getId() is <2131231199/com.example.lunchtray:id/start_order_btn>
10-30 16:03:57.439   817   919 D EGL_emulation: app_time_stats: avg=41.70ms min=2.45ms max=604.59ms count=21
10-30 16:03:57.548   586  1604 W InputManager-JNI: Input channel object '59ad54d Splash Screen com.example.lunchtray (client)' was disposed without first being removed with the input manager!
10-30 16:03:57.915 20535 20535 I ViewInteraction: Performing 'single click' action on view view.getId() is <2131230844/com.example.lunchtray:id/cauliflower>
10-30 16:03:58.234 20535 20535 I ViewInteraction: Performing 'single click' action on view view.getId() is <2131231071/com.example.lunchtray:id/next_button>
10-30 16:03:58.235 20535 20563 D EGL_emulation: app_time_stats: avg=18.19ms min=2.72ms max=254.05ms count=44
10-30 16:03:58.448   817   919 D EGL_emulation: app_time_stats: avg=16.41ms min=3.32ms max=45.72ms count=60
10-30 16:03:58.674 20535 20535 I ViewInteraction: Performing 'single click' action on view view.getId() is <2131231129/com.example.lunchtray:id/salad>
10-30 16:03:58.739 20535 20535 D OrderViewModel: UpdateSubtotal if called, path: 7.0 + 2.5= 9.5
10-30 16:03:58.984 20535 20535 I ViewInteraction: Checking 'MatchesViewAssertion{viewMatcher=an instance of android.widget.TextView and view.getText() with or without transformation to match: a string containing "Subtotal: $9.50"}' assertion on view view.getId() is <2131231208/com.example.lunchtray:id/subtotal>
10-30 16:03:58.990 20535 20535 I ViewInteraction: Performing 'single click' action on view view.getId() is <2131231071/com.example.lunchtray:id/next_button>
10-30 16:03:59.236 20535 20563 D EGL_emulation: app_time_stats: avg=18.26ms min=2.69ms max=200.64ms count=48
10-30 16:03:59.423 20535 20535 I ViewInteraction: Performing 'single click' action on view view.getId() is <2131230835/com.example.lunchtray:id/bread>
10-30 16:03:59.486 20535 20535 D OrderViewModel: UpdateSubtotal if called, path: 9.5 + 0.5= 10.0
10-30 16:03:59.734 20535 20535 I ViewInteraction: Checking 'MatchesViewAssertion{viewMatcher=an instance of android.widget.TextView and view.getText() with or without transformation to match: a string containing "Subtotal: $10.00"}' assertion on view view.getId() is <2131231208/com.example.lunchtray:id/subtotal>
10-30 16:03:59.739 20535 20535 I ViewInteraction: Performing 'single click' action on view view.getId() is <2131231071/com.example.lunchtray:id/next_button>
10-30 16:04:00.015   817   919 D EGL_emulation: app_time_stats: avg=20034.37ms min=20034.37ms max=20034.37ms count=1
10-30 16:04:00.126 20535 20535 I ViewInteraction: Checking 'MatchesViewAssertion{viewMatcher=an instance of android.widget.TextView and view.getText() with or without transformation to match: a string containing "Subtotal: $10.00"}' assertion on view view.getId() is <2131231208/com.example.lunchtray:id/subtotal>
10-30 16:04:00.128 20535 20561 I TestRunner: finished: subtotal_updates_in_full_order_flow(com.example.lunchtray.OrderFunctionalityTests)
